// Jest Snapshot v1, https://goo.gl/fbAQLP

exports[`Pruebas en GifGridItem debe renderizar el componente correctamente 1`] = `
<div
  className="card animate__animated animate__fadeIn"
>
  <img
    alt="test"
    src="https://imagen.test"
  />
  <p>
    test
  </p>
</div>
`;
